src/components/admin/AssignCaregiverModal.tsx(52,31): error TS2345: Argument of type 'string | undefined' is not assignable to parameter of type 'string'.
  Type 'undefined' is not assignable to type 'string'.
src/components/admin/AssignCaregiverModal.tsx(52,64): error TS2345: Argument of type 'string | undefined' is not assignable to parameter of type 'string'.
  Type 'undefined' is not assignable to type 'string'.
src/components/admin/AssignCaregiverModal.tsx(52,97): error TS2345: Argument of type 'string | undefined' is not assignable to parameter of type 'string'.
  Type 'undefined' is not assignable to type 'string'.
src/components/admin/AssignCaregiverModal.tsx(112,49): error TS2345: Argument of type 'string | undefined' is not assignable to parameter of type 'string'.
  Type 'undefined' is not assignable to type 'string'.
src/components/UI/Headers.tsx(10,62): error TS2339: Property 'data' does not exist on type 'never'.
src/views/admin/Appointments.tsx(234,45): error TS2339: Property 'profile' does not exist on type 'ShiftCaregiverSummary'.
src/views/caregiver/PayrollsCaregiver.tsx(153,58): error TS2345: Argument of type 'string | null' is not assignable to parameter of type 'string'.
  Type 'null' is not assignable to type 'string'.
